---
source: src/bin/snapshots.rs
expression: forest
---
Ok(
    Stmt::Static {
        init: Expr {
            kind: ExprKind::SelfFunc {
                func: SelfFunction {
                    index: _,
                },
            },
        },
    },
)
